[2026-01-07 15:24:39] save_internal_weights immersion=1.0,development=1.0,presentation=1.0
[2026-01-07 15:24:55] change_admin_pin admin PIN changed
[2026-01-07 15:33:11] import_xlsx file=Cópia de Robótica- Alunos(Planilha1).xlsx, inserted=30, skipped=6
[2026-01-07 15:51:17] import_xlsx file=Robótica- Alunos(PlanilhaOficial).xlsx, inserted=30, skipped=1
[2026-01-07 17:53:35] process_status_change status=ENCERRADO
[2026-01-07 17:53:41] process_status_change status=ABERTO
[2026-01-08 11:21:18] process_status_change status=ENCERRADO
[2026-01-08 11:21:29] process_status_change status=ABERTO
[2026-01-08 11:43:09] calculate_hidden_scores recalculated using internal weights for active evaluations
[2026-01-08 11:43:19] recalc_individual_summary Calculated for 0 members
[2026-01-08 11:48:23] team_member_add team=1, candidate=42
[2026-01-08 11:48:51] member_contribution_save evaluation_id=1, count=1
[2026-01-08 11:48:59] calculate_hidden_scores recalculated using internal weights for active evaluations
[2026-01-08 11:49:22] recalc_individual_summary Calculated for 1 members
[2026-01-08 11:55:15] save_internal_weights immersion=0.5,development=0.5,presentation=0.2
[2026-01-08 11:55:16] recalc_individual_summary Calculated for 1 members
[2026-01-08 11:55:17] recalc_individual_summary Calculated for 1 members
[2026-01-08 11:55:17] recalc_individual_summary Calculated for 1 members
[2026-01-08 11:55:21] calculate_hidden_scores recalculated using internal weights for active evaluations
[2026-01-08 11:55:23] recalc_individual_summary Calculated for 1 members
[2026-01-08 16:53:17] evaluation_logical_delete evaluation_id=1, reason='Erro'
[2026-01-08 16:55:28] import_xlsx file=Cópia de Robótica- Alunos(Planilha1).xlsx, inserted=30, skipped=6
[2026-01-12 16:02:17] process_status_change status=ENCERRADO
[2026-01-12 16:02:31] process_status_change status=ABERTO
[2026-01-12 16:04:24] process_status_change status=ABERTO
[2026-01-12 16:04:35] process_status_change status=ENCERRADO
[2026-01-12 16:04:42] process_status_change status=ABERTO
[2026-01-12 16:04:58] process_status_change status=ENCERRADO
[2026-01-12 16:05:22] process_status_change status=ABERTO
[2026-01-12 16:08:31] auto_assign size=1,assigned=28
[2026-01-14 15:04:50] import_xlsx file=Robótica- Alunos(PlanilhaOficial).xlsx, inserted=30, skipped=1
[2026-01-14 15:05:53] auto_assign size=3,assigned=30
[2026-01-14 15:16:48] team_member_add team=1, candidate=18
[2026-01-14 15:16:49] team_member_add team=1, candidate=19
[2026-01-14 15:16:50] team_member_add team=1, candidate=22
[2026-01-14 15:16:51] team_member_add team=1, candidate=24
[2026-01-14 15:16:52] team_member_add team=1, candidate=26
[2026-01-14 15:17:52] evaluation_logical_delete evaluation_id=2, reason='1''
[2026-01-14 15:18:04] recalc_individual_summary Calculated for 0 members
[2026-01-14 15:18:06] recalc_individual_summary Calculated for 0 members
[2026-01-14 15:18:06] recalc_individual_summary Calculated for 0 members
[2026-01-14 15:18:06] recalc_individual_summary Calculated for 0 members
[2026-01-14 15:18:13] save_internal_weights immersion=0.3,development=0.5,presentation=0.2
[2026-01-14 15:18:21] recalc_individual_summary Calculated for 0 members
[2026-01-14 15:19:44] member_contribution_save evaluation_id=3, count=8
[2026-01-14 15:19:52] recalc_individual_summary Calculated for 8 members
[2026-01-14 15:19:52] recalc_individual_summary Calculated for 8 members
[2026-01-14 15:19:52] recalc_individual_summary Calculated for 8 members
[2026-01-14 15:20:05] recalc_individual_summary Calculated for 8 members
[2026-01-14 15:20:05] recalc_individual_summary Calculated for 8 members
[2026-01-14 15:20:07] calculate_hidden_scores recalculated using internal weights for active evaluations
[2026-01-14 15:20:09] recalc_individual_summary Calculated for 8 members
[2026-01-14 15:20:20] export_final_result file=resultado_final_oficial_20260114.csv, members=8
[2026-01-14 15:25:45] recalc_individual_summary Calculated for 8 members
[2026-01-14 15:25:55] export_ranking file=ranking_interno_20260114.csv, members=8
[2026-01-14 15:32:07] import_xlsx file=Robótica- Alunos(PlanilhaOficial).xlsx, inserted=30, skipped=1
[2026-03-01 01:18:29] import_xlsx file=PROCESSO SELETIVO 2026 _ ROBOT ONE(1-55).xlsx, inserted=51, skipped=4
[2026-03-01 01:20:05] auto_assign size=5,assigned=50
[2026-03-01 01:23:41] member_contribution_save evaluation_id=1, count=5
[2026-03-01 01:25:02] calculate_hidden_scores recalculated using internal weights for active evaluations
[2026-03-01 01:25:05] save_internal_weights immersion=0.3,development=0.4,presentation=0.5
[2026-03-01 01:25:06] calculate_hidden_scores recalculated using internal weights for active evaluations
[2026-03-01 01:25:13] recalc_individual_summary Calculated for 5 members
[2026-03-01 01:25:21] export_final_result file=resultado_final_oficial_20260301.csv, members=5
[2026-03-01 01:27:46] process_status_change status=ENCERRADO
[2026-03-04 14:03:52] import_xlsx file=Chamada do processo seletivo.xlsx, inserted=52, skipped=0
[2026-03-04 18:21:41] import_xlsx file=Chamada do processo seletivo.xlsx, inserted=50, skipped=2
[2026-03-05 17:27:55] import_xlsx file=ProcessoAPP.xlsx, inserted=50, skipped=1449
[2026-03-05 17:28:45] auto_assign_by_area teams=10,assigned=49
[2026-03-05 17:37:54] import_xlsx file=ProcessoAPP.xlsx, inserted=50, skipped=1449
[2026-03-05 17:41:50] import_xlsx file=ProcessoAPP.xlsx, inserted=50, skipped=1
[2026-03-05 17:44:14] import_xlsx file=ProcessoAPP.xlsx, inserted=50, skipped=1
[2026-03-05 17:46:20] import_xlsx file=ProcessoAPP.xlsx, inserted=50, skipped=1
[2026-03-06 11:32:52] auto_assign_by_area teams=11,assigned=48
[2026-03-06 11:34:52] auto_assign_by_area teams=10,assigned=48
[2026-03-17 11:15:11] team_member_add team=22, candidate=50
[2026-03-17 11:15:18] team_member_add team=22, candidate=15
[2026-03-17 11:15:26] team_member_add team=22, candidate=20
[2026-03-17 11:15:39] team_member_add team=22, candidate=35
[2026-03-17 11:15:47] team_member_add team=22, candidate=10
[2026-03-17 11:16:08] team_member_add team=23, candidate=30
[2026-03-17 11:16:22] team_member_add team=23, candidate=39
[2026-03-17 11:17:39] team_member_add team=23, candidate=51
[2026-03-17 11:17:46] team_member_add team=23, candidate=12
[2026-03-17 11:18:04] team_member_add team=24, candidate=27
[2026-03-17 11:18:20] team_member_add team=24, candidate=31
[2026-03-17 11:18:57] team_member_add team=24, candidate=32
[2026-03-17 11:19:03] team_member_add team=24, candidate=5
[2026-03-17 11:19:31] team_member_add team=25, candidate=6
[2026-03-17 11:19:44] team_member_add team=25, candidate=42
[2026-03-17 11:19:55] team_member_add team=25, candidate=44
[2026-03-17 11:20:05] team_member_add team=25, candidate=24
[2026-03-17 11:20:16] team_member_add team=25, candidate=4
[2026-03-17 11:20:20] team_member_remove team=25, candidate=4
[2026-03-17 11:20:25] team_member_add team=25, candidate=4
[2026-03-17 11:20:40] team_member_add team=26, candidate=26
[2026-03-17 11:20:51] team_member_add team=26, candidate=37
[2026-03-17 11:21:17] team_member_add team=26, candidate=28
[2026-03-17 11:21:29] team_member_add team=26, candidate=18
[2026-03-17 11:22:19] team_member_add team=26, candidate=52
[2026-03-17 11:48:11] calculate_hidden_scores recalculated using internal weights for active evaluations
[2026-03-17 11:48:20] recalc_individual_summary Calculated for 0 members
[2026-03-17 11:48:24] recalc_individual_summary Calculated for 0 members
[2026-03-17 14:42:43] import_xlsx file=Chamada do processo seletivo+nota.xlsx, inserted=50, skipped=1
